// Jest Snapshot v1, https://goo.gl/fbAQLP

exports[`Navbar component should render correctly 1`] = `
{
  "asFragment": [Function],
  "baseElement": <body>
    <div>
      <div>
        <header
          class="MuiPaper-root MuiPaper-elevation MuiPaper-elevation4 MuiAppBar-root MuiAppBar-colorPrimary MuiAppBar-positionFixed mui-fixed css-12db59r-MuiPaper-root-MuiAppBar-root"
          style="--Paper-shadow: 0px 2px 4px -1px rgba(0,0,0,0.2),0px 4px 5px 0px rgba(0,0,0,0.14),0px 1px 10px 0px rgba(0,0,0,0.12);"
        >
          <div
            class="MuiToolbar-root MuiToolbar-regular css-1uj5ifc-MuiToolbar-root"
          >
            <div
              class="MuiBox-root css-i9gxme"
            >
              <button
                aria-controls="menu-appbar"
                aria-haspopup="true"
                aria-label="account of current user"
                class="MuiButtonBase-root MuiIconButton-root MuiIconButton-colorInherit MuiIconButton-sizeLarge css-1vipebp-MuiButtonBase-root-MuiIconButton-root"
                data-testid="left-menu-button"
                tabindex="0"
                type="button"
              >
                <svg
                  aria-hidden="true"
                  class="MuiSvgIcon-root MuiSvgIcon-fontSizeMedium css-1umw9bq-MuiSvgIcon-root"
                  data-testid="MenuIcon"
                  focusable="false"
                  viewBox="0 0 24 24"
                >
                  <path
                    d="M3 18h18v-2H3zm0-5h18v-2H3zm0-7v2h18V6z"
                  />
                </svg>
              </button>
              <button
                class="MuiButtonBase-root MuiButton-root MuiButton-contained MuiButton-containedPrimary MuiButton-sizeSmall MuiButton-containedSizeSmall MuiButton-colorPrimary MuiButton-root MuiButton-contained MuiButton-containedPrimary MuiButton-sizeSmall MuiButton-containedSizeSmall MuiButton-colorPrimary css-1ccw0ge-MuiButtonBase-root-MuiButton-root"
                tabindex="0"
                type="button"
              >
                Get Quote
              </button>
            </div>
            <div
              class="MuiBox-root css-164ig2l"
            >
              <img
                alt="Allied-Yacht logo"
                data-nimg="1"
                decoding="async"
                fetchpriority="high"
                height="71"
                src="/_next/image?url=%2Fimg.jpg&w=256&q=75"
                srcset="/_next/image?url=%2Fimg.jpg&w=128&q=75 1x, /_next/image?url=%2Fimg.jpg&w=256&q=75 2x"
                style="color: transparent;"
                width="105"
              />
            </div>
            <div
              class="MuiBox-root css-2uchni"
            >
              <button
                class="MuiButtonBase-root MuiButton-root MuiButton-contained MuiButton-containedPrimary MuiButton-sizeSmall MuiButton-containedSizeSmall MuiButton-colorPrimary MuiButton-root MuiButton-contained MuiButton-containedPrimary MuiButton-sizeSmall MuiButton-containedSizeSmall MuiButton-colorPrimary css-1ccw0ge-MuiButtonBase-root-MuiButton-root"
                tabindex="0"
                type="button"
              >
                LogOut
              </button>
            </div>
          </div>
        </header>
        <nav />
        <div
          class="MuiBox-root css-omdpw6"
          role="presentation"
          style="opacity: 0; visibility: hidden;"
        >
          <button
            aria-label="scroll back to top"
            class="MuiButtonBase-root MuiFab-root MuiFab-circular MuiFab-sizeSmall MuiFab-default MuiFab-root MuiFab-circular MuiFab-sizeSmall MuiFab-default css-14bntoc-MuiButtonBase-root-MuiFab-root"
            tabindex="0"
            type="button"
          >
            <svg
              aria-hidden="true"
              class="MuiSvgIcon-root MuiSvgIcon-fontSizeMedium css-1umw9bq-MuiSvgIcon-root"
              data-testid="KeyboardArrowUpIcon"
              focusable="false"
              viewBox="0 0 24 24"
            >
              <path
                d="M7.41 15.41 12 10.83l4.59 4.58L18 14l-6-6-6 6z"
              />
            </svg>
          </button>
        </div>
      </div>
    </div>
    <div
      aria-hidden="true"
      class="MuiDrawer-root MuiDrawer-modal MuiModal-root MuiModal-hidden css-zw5q8m-MuiModal-root-MuiDrawer-root"
      role="presentation"
    >
      <div
        aria-hidden="true"
        class="MuiBackdrop-root MuiModal-backdrop css-4nmryk-MuiBackdrop-root-MuiModal-backdrop"
        style="opacity: 0; visibility: hidden;"
      />
      <div
        data-testid="sentinelStart"
        tabindex="-1"
      />
      <div
        class="MuiPaper-root MuiPaper-elevation MuiPaper-elevation16 MuiDrawer-paper MuiDrawer-paperAnchorLeft css-cyqh1t-MuiPaper-root-MuiDrawer-paper"
        style="--Paper-shadow: 0px 8px 10px -5px rgba(0,0,0,0.2),0px 16px 24px 2px rgba(0,0,0,0.14),0px 6px 30px 5px rgba(0,0,0,0.12); visibility: hidden; webkit-transform: translateX(-0px); transform: translateX(-0px);"
        tabindex="-1"
      >
        <div
          class="MuiBox-root css-2t7qt4"
        >
          <h6
            class="MuiTypography-root MuiTypography-h6 css-j4hmdc-MuiTypography-root"
          >
            Zayats-Yacht Transport
          </h6>
          <hr
            style="color: rgb(51, 153, 102); background-color: rgb(51, 153, 102); height: 1px; margin-top: 35px;"
          />
          <hr
            class="MuiDivider-root MuiDivider-fullWidth css-1jpc804-MuiDivider-root"
          />
          <ul
            class="MuiList-root MuiList-padding css-b7dj7n-MuiList-root"
          >
            <div>
              <li
                class="MuiListItem-root MuiListItem-gutters css-19f6boz-MuiListItem-root"
              >
                <div
                  class="MuiButtonBase-root MuiListItemButton-root MuiListItemButton-gutters MuiListItemButton-root MuiListItemButton-gutters css-1vra68c-MuiButtonBase-root-MuiListItemButton-root"
                  role="button"
                  tabindex="0"
                >
                  <div
                    class="MuiListItemText-root css-cfq8qh-MuiListItemText-root"
                  >
                    <span
                      class="MuiTypography-root MuiTypography-body1 MuiListItemText-primary css-rizt0-MuiTypography-root"
                    >
                      Schedule
                    </span>
                  </div>
                </div>
              </li>
              <hr
                style="color: rgb(51, 153, 102); background-color: rgb(51, 153, 102); height: 1px;"
              />
            </div>
            <div>
              <li
                class="MuiListItem-root MuiListItem-gutters css-19f6boz-MuiListItem-root"
              >
                <div
                  class="MuiButtonBase-root MuiListItemButton-root MuiListItemButton-gutters MuiListItemButton-root MuiListItemButton-gutters css-1vra68c-MuiButtonBase-root-MuiListItemButton-root"
                  role="button"
                  tabindex="0"
                >
                  <div
                    class="MuiListItemText-root css-cfq8qh-MuiListItemText-root"
                  >
                    <span
                      class="MuiTypography-root MuiTypography-body1 MuiListItemText-primary css-rizt0-MuiTypography-root"
                    >
                      Get a Quote
                    </span>
                  </div>
                </div>
              </li>
              <hr
                style="color: rgb(51, 153, 102); background-color: rgb(51, 153, 102); height: 1px;"
              />
            </div>
            <div>
              <li
                class="MuiListItem-root MuiListItem-gutters css-19f6boz-MuiListItem-root"
              >
                <div
                  class="MuiButtonBase-root MuiListItemButton-root MuiListItemButton-gutters MuiListItemButton-root MuiListItemButton-gutters css-1vra68c-MuiButtonBase-root-MuiListItemButton-root"
                  role="button"
                  tabindex="0"
                >
                  <div
                    class="MuiListItemText-root css-cfq8qh-MuiListItemText-root"
                  >
                    <span
                      class="MuiTypography-root MuiTypography-body1 MuiListItemText-primary css-rizt0-MuiTypography-root"
                    >
                      Gallery
                    </span>
                  </div>
                </div>
              </li>
              <hr
                style="color: rgb(51, 153, 102); background-color: rgb(51, 153, 102); height: 1px;"
              />
            </div>
            <div>
              <li
                class="MuiListItem-root MuiListItem-gutters css-19f6boz-MuiListItem-root"
              >
                <div
                  class="MuiButtonBase-root MuiListItemButton-root MuiListItemButton-gutters MuiListItemButton-root MuiListItemButton-gutters css-1vra68c-MuiButtonBase-root-MuiListItemButton-root"
                  role="button"
                  tabindex="0"
                >
                  <div
                    class="MuiListItemText-root css-cfq8qh-MuiListItemText-root"
                  >
                    <span
                      class="MuiTypography-root MuiTypography-body1 MuiListItemText-primary css-rizt0-MuiTypography-root"
                    >
                      Services
                    </span>
                  </div>
                </div>
              </li>
              <hr
                style="color: rgb(51, 153, 102); background-color: rgb(51, 153, 102); height: 1px;"
              />
            </div>
            <div>
              <li
                class="MuiListItem-root MuiListItem-gutters css-19f6boz-MuiListItem-root"
              >
                <div
                  class="MuiButtonBase-root MuiListItemButton-root MuiListItemButton-gutters MuiListItemButton-root MuiListItemButton-gutters css-1vra68c-MuiButtonBase-root-MuiListItemButton-root"
                  role="button"
                  tabindex="0"
                >
                  <div
                    class="MuiListItemText-root css-cfq8qh-MuiListItemText-root"
                  >
                    <span
                      class="MuiTypography-root MuiTypography-body1 MuiListItemText-primary css-rizt0-MuiTypography-root"
                    >
                      Instructions
                    </span>
                  </div>
                </div>
              </li>
              <hr
                style="color: rgb(51, 153, 102); background-color: rgb(51, 153, 102); height: 1px;"
              />
            </div>
            <div>
              <li
                class="MuiListItem-root MuiListItem-gutters css-19f6boz-MuiListItem-root"
              >
                <div
                  class="MuiButtonBase-root MuiListItemButton-root MuiListItemButton-gutters MuiListItemButton-root MuiListItemButton-gutters css-1vra68c-MuiButtonBase-root-MuiListItemButton-root"
                  role="button"
                  tabindex="0"
                >
                  <div
                    class="MuiListItemText-root css-cfq8qh-MuiListItemText-root"
                  >
                    <span
                      class="MuiTypography-root MuiTypography-body1 MuiListItemText-primary css-rizt0-MuiTypography-root"
                    >
                      Testimonials
                    </span>
                  </div>
                </div>
              </li>
              <hr
                style="color: rgb(51, 153, 102); background-color: rgb(51, 153, 102); height: 1px;"
              />
            </div>
            <div>
              <li
                class="MuiListItem-root MuiListItem-gutters css-19f6boz-MuiListItem-root"
              >
                <div
                  class="MuiButtonBase-root MuiListItemButton-root MuiListItemButton-gutters MuiListItemButton-root MuiListItemButton-gutters css-1vra68c-MuiButtonBase-root-MuiListItemButton-root"
                  role="button"
                  tabindex="0"
                >
                  <div
                    class="MuiListItemText-root css-cfq8qh-MuiListItemText-root"
                  >
                    <span
                      class="MuiTypography-root MuiTypography-body1 MuiListItemText-primary css-rizt0-MuiTypography-root"
                    >
                      About Us
                    </span>
                  </div>
                </div>
              </li>
              <hr
                style="color: rgb(51, 153, 102); background-color: rgb(51, 153, 102); height: 1px;"
              />
            </div>
            <div>
              <li
                class="MuiListItem-root MuiListItem-gutters css-19f6boz-MuiListItem-root"
              >
                <div
                  class="MuiButtonBase-root MuiListItemButton-root MuiListItemButton-gutters MuiListItemButton-root MuiListItemButton-gutters css-1vra68c-MuiButtonBase-root-MuiListItemButton-root"
                  role="button"
                  tabindex="0"
                >
                  <div
                    class="MuiListItemText-root css-cfq8qh-MuiListItemText-root"
                  >
                    <span
                      class="MuiTypography-root MuiTypography-body1 MuiListItemText-primary css-rizt0-MuiTypography-root"
                    >
                      Contact Us
                    </span>
                  </div>
                </div>
              </li>
              <hr
                style="color: rgb(51, 153, 102); background-color: rgb(51, 153, 102); height: 1px;"
              />
            </div>
          </ul>
        </div>
      </div>
      <div
        data-testid="sentinelEnd"
        tabindex="-1"
      />
    </div>
  </body>,
  "container": <div>
    <div>
      <header
        class="MuiPaper-root MuiPaper-elevation MuiPaper-elevation4 MuiAppBar-root MuiAppBar-colorPrimary MuiAppBar-positionFixed mui-fixed css-12db59r-MuiPaper-root-MuiAppBar-root"
        style="--Paper-shadow: 0px 2px 4px -1px rgba(0,0,0,0.2),0px 4px 5px 0px rgba(0,0,0,0.14),0px 1px 10px 0px rgba(0,0,0,0.12);"
      >
        <div
          class="MuiToolbar-root MuiToolbar-regular css-1uj5ifc-MuiToolbar-root"
        >
          <div
            class="MuiBox-root css-i9gxme"
          >
            <button
              aria-controls="menu-appbar"
              aria-haspopup="true"
              aria-label="account of current user"
              class="MuiButtonBase-root MuiIconButton-root MuiIconButton-colorInherit MuiIconButton-sizeLarge css-1vipebp-MuiButtonBase-root-MuiIconButton-root"
              data-testid="left-menu-button"
              tabindex="0"
              type="button"
            >
              <svg
                aria-hidden="true"
                class="MuiSvgIcon-root MuiSvgIcon-fontSizeMedium css-1umw9bq-MuiSvgIcon-root"
                data-testid="MenuIcon"
                focusable="false"
                viewBox="0 0 24 24"
              >
                <path
                  d="M3 18h18v-2H3zm0-5h18v-2H3zm0-7v2h18V6z"
                />
              </svg>
            </button>
            <button
              class="MuiButtonBase-root MuiButton-root MuiButton-contained MuiButton-containedPrimary MuiButton-sizeSmall MuiButton-containedSizeSmall MuiButton-colorPrimary MuiButton-root MuiButton-contained MuiButton-containedPrimary MuiButton-sizeSmall MuiButton-containedSizeSmall MuiButton-colorPrimary css-1ccw0ge-MuiButtonBase-root-MuiButton-root"
              tabindex="0"
              type="button"
            >
              Get Quote
            </button>
          </div>
          <div
            class="MuiBox-root css-164ig2l"
          >
            <img
              alt="Allied-Yacht logo"
              data-nimg="1"
              decoding="async"
              fetchpriority="high"
              height="71"
              src="/_next/image?url=%2Fimg.jpg&w=256&q=75"
              srcset="/_next/image?url=%2Fimg.jpg&w=128&q=75 1x, /_next/image?url=%2Fimg.jpg&w=256&q=75 2x"
              style="color: transparent;"
              width="105"
            />
          </div>
          <div
            class="MuiBox-root css-2uchni"
          >
            <button
              class="MuiButtonBase-root MuiButton-root MuiButton-contained MuiButton-containedPrimary MuiButton-sizeSmall MuiButton-containedSizeSmall MuiButton-colorPrimary MuiButton-root MuiButton-contained MuiButton-containedPrimary MuiButton-sizeSmall MuiButton-containedSizeSmall MuiButton-colorPrimary css-1ccw0ge-MuiButtonBase-root-MuiButton-root"
              tabindex="0"
              type="button"
            >
              LogOut
            </button>
          </div>
        </div>
      </header>
      <nav />
      <div
        class="MuiBox-root css-omdpw6"
        role="presentation"
        style="opacity: 0; visibility: hidden;"
      >
        <button
          aria-label="scroll back to top"
          class="MuiButtonBase-root MuiFab-root MuiFab-circular MuiFab-sizeSmall MuiFab-default MuiFab-root MuiFab-circular MuiFab-sizeSmall MuiFab-default css-14bntoc-MuiButtonBase-root-MuiFab-root"
          tabindex="0"
          type="button"
        >
          <svg
            aria-hidden="true"
            class="MuiSvgIcon-root MuiSvgIcon-fontSizeMedium css-1umw9bq-MuiSvgIcon-root"
            data-testid="KeyboardArrowUpIcon"
            focusable="false"
            viewBox="0 0 24 24"
          >
            <path
              d="M7.41 15.41 12 10.83l4.59 4.58L18 14l-6-6-6 6z"
            />
          </svg>
        </button>
      </div>
    </div>
  </div>,
  "debug": [Function],
  "findAllByAltText": [Function],
  "findAllByDisplayValue": [Function],
  "findAllByLabelText": [Function],
  "findAllByPlaceholderText": [Function],
  "findAllByRole": [Function],
  "findAllByTestId": [Function],
  "findAllByText": [Function],
  "findAllByTitle": [Function],
  "findByAltText": [Function],
  "findByDisplayValue": [Function],
  "findByLabelText": [Function],
  "findByPlaceholderText": [Function],
  "findByRole": [Function],
  "findByTestId": [Function],
  "findByText": [Function],
  "findByTitle": [Function],
  "getAllByAltText": [Function],
  "getAllByDisplayValue": [Function],
  "getAllByLabelText": [Function],
  "getAllByPlaceholderText": [Function],
  "getAllByRole": [Function],
  "getAllByTestId": [Function],
  "getAllByText": [Function],
  "getAllByTitle": [Function],
  "getByAltText": [Function],
  "getByDisplayValue": [Function],
  "getByLabelText": [Function],
  "getByPlaceholderText": [Function],
  "getByRole": [Function],
  "getByTestId": [Function],
  "getByText": [Function],
  "getByTitle": [Function],
  "queryAllByAltText": [Function],
  "queryAllByDisplayValue": [Function],
  "queryAllByLabelText": [Function],
  "queryAllByPlaceholderText": [Function],
  "queryAllByRole": [Function],
  "queryAllByTestId": [Function],
  "queryAllByText": [Function],
  "queryAllByTitle": [Function],
  "queryByAltText": [Function],
  "queryByDisplayValue": [Function],
  "queryByLabelText": [Function],
  "queryByPlaceholderText": [Function],
  "queryByRole": [Function],
  "queryByTestId": [Function],
  "queryByText": [Function],
  "queryByTitle": [Function],
  "rerender": [Function],
  "unmount": [Function],
}
`;
